node.exe : ΓÜá 
Invalid 
next.config.ts 
options detected: 
At line:1 char:1
+ & "C:\Program Files
\nodejs/node.exe" 
"C:\Program 
Files\nodejs/node_mo 
...
+ ~~~~~~~~~~~~~~~~~~~
~~~~~~~~~~~~~~~~~~~~~
~~~~~~~~~~~~~~~~~~~~~
~~~~~~~~
    + CategoryInfo   
           : NotSpe  
  cified: (ΓÜá Inv   
 alid nex...ions     
detected: :Strin    
g) [], RemoteExc    
eption
    + FullyQualified 
   ErrorId : Native  
  CommandError
 
ΓÜá     Unrecognized 
key(s) in object: 
'turbo' at 
"experimental"
ΓÜá See more info 
here: https://nextjs.
org/docs/messages/inv
alid-next-config
Γû▓ Next.js 16.1.6 (Turbopack)
- Experiments (use with caution):
  ? turbo (invalid experimental key)

  Creating an optimized production build ...
Γ£ô Compiled successfully in 6.6s
  Running TypeScript ...
Failed to compile.

./next.config.ts:7:5
Type error: Object 
literal may only 
specify known 
properties, and 
'turbo' does not 
exist in type 
'ExperimentalConfig'.

[0m [90m  5 |[39m 
  transpilePackages[
33m:[39m [[32m'@tam
agui/lucide-icons'[3
9m][33m,[39m
 [90m  6 |[39m   ex
perimental[33m:[39m
 {
[31m[1m>[22m[39m
[90m  7 |[39m     
turbo[33m:[39m {
 [90m    |[39m     
[31m[1m^[22m[39m
 [90m  8 |[39m     
  resolveAlias[33m:
[39m {
 [90m  9 |[39m     
    [32m'react-nativ
e'[39m[33m:[39m [
32m'react-native-web'
[39m[33m,[39m
 [90m 10 |[39m     
    [32m'react-nativ
e-svg'[39m[33m:[39
m [32m'@tamagui/reac
t-native-svg'[39m[3
3m,[39m[0m
Next.js build worker 
exited with code: 1 
and signal: null
